// Jest Snapshot v1, https://goo.gl/fbAQLP

exports[`Chat SNAPSHOT 1`] = `
<div
  className="body-item"
>
  <h1>
    Chat
  </h1>
  <div
    className="innerChat"
  >
    <div
      className="innerChatChild"
    >
      <h2>
        Your connections
      </h2>
      <ConnectionListComponent
        type={0}
      />
      <h2>
        Add connections
      </h2>
      <NonConnectionListComponent
        type={1}
      />
    </div>
    <div
      className="innerChatChild"
    >
      <h2>
        Javlets Conversation
      </h2>
      <div
        className="chatArea"
        id="dialogue-page"
      >
        <div
          className="dialogue-container"
        >
          <ul
            id="messageList"
          />
          <div
            className="input-group clearfix"
          >
            <form
              action="."
              onSubmit={[Function]}
            >
              <input
                autoComplete="off"
                className="w3-input form-control"
                id="chatMessage"
                onChange={[Function]}
                placeholder="Enter message..."
                type="text"
              />
              <input
                className="w3-btn w3-blue"
                type="submit"
                value="Send"
              />
            </form>
          </div>
        </div>
      </div>
      <script
        src="https://cdnjs.cloudflare.com/ajax/libs/sockjs-client/1.1.4/sockjs.min.js"
      />
      <script
        src="https://cdnjs.cloudflare.com/ajax/libs/stomp.js/2.3.3/stomp.min.js"
      />
      <script
        src="/js/script.js"
      />
    </div>
  </div>
</div>
`;
