// Jest Snapshot v1, https://goo.gl/fbAQLP

exports[`ConnectComponent SNAPSHOTt 1`] = `"[object Object][object Object][object Object][object Object][object Object]"`;
